// Jest Snapshot v1, https://goo.gl/fbAQLP

exports[`#toSvg 1`] = `
"InlineSvgFixture Svg
alignSelf <
marginTop <
marginBottom <
marginLeft <
marginRight <
SvgGroup
fillOpacity .7
SvgCircle
cx 6.5cm
cy 2cm
r 100
transform translate(0,50)
fill < red
stroke < #000
strokeWidth .1cm

SvgCircle
cx 6.5cm
cy 2cm
r 100
transform translate(70,150)
fill <fill2 #00f
stroke < #000
strokeWidth .1cm

SvgCircle
cx 6.5cm
cy 2cm
r 100
transform translate(-70,150)
fill <fill3 green
stroke < #000
strokeWidth .1cm

"
`;
