// Jest Snapshot v1, https://goo.gl/fbAQLP

exports[`data parses data fields.data 1`] = `
"export default { city: 'Dublin', country: 'Ireland' };
"
`;

exports[`data parses data list.data 1`] = `
"export default [
  { name: 'Dario', surname: 'Cravero' },
  { name: 'Tom', surname: 'Parandyk' },
];
"
`;
