// Jest Snapshot v1, https://goo.gl/fbAQLP

exports[`data parses data fields.data 1`] = `
Object {
  "code": "export default {
  city: 'Dublin',
  country: 'Ireland',
  fonts: {},
  props: {},
  todos: [],
};
",
}
`;

exports[`data parses data list.data 1`] = `
Object {
  "code": "export default [
  { name: 'Dario', surname: 'Cravero' },
  { name: 'Tom', surname: 'Parandyk' },
];
",
}
`;
