// Jest Snapshot v1, https://goo.gl/fbAQLP

exports[`tests parses tests MyView.view.tests 1`] = `
Array [
  Object {
    "data": Object {
      "onClick": "Next",
      "text": "it's Main!",
      "width": 360,
    },
    "name": "Main",
  },
  Object {
    "data": Object {
      "onClick": "EvenMore",
      "text": "it's Next!",
      "width": 360,
    },
    "name": "Next",
  },
  Object {
    "data": Object {
      "onClick": "Main",
      "text": "it's EvenMore!",
      "width": 360,
    },
    "name": "EvenMore",
  },
  Object {
    "data": Object {
      "onClick": "Next",
      "text": "it's Main!",
      "this": "came from a json file",
      "width": 360,
    },
    "name": "Data",
  },
]
`;
