// Jest Snapshot v1, https://goo.gl/fbAQLP

exports[`tests parses tests MyView.view.tests 1`] = `
Object {
  "code": "export const names = ['Main', 'Next', 'EvenMore'];

export const make = display => {
  const Main = {
    width: 360,
    text: \\"it's Main!\\",
    onClick: () => display(Next, 'Next'),
  };
  const Next = {
    width: 360,
    text: \\"it's Next!\\",
    onClick: () => display(EvenMore, 'EvenMore'),
  };
  const EvenMore = {
    width: 360,
    text: \\"it's EvenMore!\\",
    onClick: () => display(Main, 'Main'),
  };
  return { _main: 'Main', Main, Next, EvenMore };
};
",
}
`;
